<?xml version="1.0" encoding="UTF-8"?>
<testng-results ignored="0" total="11" passed="11" failed="0" skipped="0">
  <reporter-output>
  </reporter-output>
  <suite started-at="2024-02-29T11:19:44 IST" name="Tests for QKART Regression" finished-at="2024-02-29T11:24:47 IST" duration-ms="302655">
    <groups>
      <group name="Regression_Test">
        <method signature="QKART_Tests.TestCase04(java.lang.String)[pri:4, instance:QKART_TESTNG.QKART_Tests@73d162cc]" name="TestCase04" class="QKART_TESTNG.QKART_Tests"/>
        <method signature="QKART_Tests.TestCase06(java.lang.String,java.lang.String)[pri:6, instance:QKART_TESTNG.QKART_Tests@73d162cc]" name="TestCase06" class="QKART_TESTNG.QKART_Tests"/>
        <method signature="QKART_Tests.TestCase08()[pri:8, instance:QKART_TESTNG.QKART_Tests@73d162cc]" name="TestCase08" class="QKART_TESTNG.QKART_Tests"/>
        <method signature="QKART_Tests.TestCase09()[pri:9, instance:QKART_TESTNG.QKART_Tests@73d162cc]" name="TestCase09" class="QKART_TESTNG.QKART_Tests"/>
        <method signature="QKART_Tests.TestCase10(java.lang.String,java.lang.String,java.lang.String)[pri:10, instance:QKART_TESTNG.QKART_Tests@73d162cc]" name="TestCase10" class="QKART_TESTNG.QKART_Tests"/>
        <method signature="QKART_Tests.TestCase11(java.lang.String,java.lang.String)[pri:11, instance:QKART_TESTNG.QKART_Tests@73d162cc]" name="TestCase11" class="QKART_TESTNG.QKART_Tests"/>
      </group> <!-- Regression_Test -->
      <group name="Sanity_test">
        <method signature="QKART_Tests.TestCase01(java.lang.String,java.lang.String)[pri:1, instance:QKART_TESTNG.QKART_Tests@73d162cc]" name="TestCase01" class="QKART_TESTNG.QKART_Tests"/>
        <method signature="QKART_Tests.TestCase02(java.lang.String,java.lang.String)[pri:2, instance:QKART_TESTNG.QKART_Tests@73d162cc]" name="TestCase02" class="QKART_TESTNG.QKART_Tests"/>
        <method signature="QKART_Tests.TestCase03(java.lang.String)[pri:3, instance:QKART_TESTNG.QKART_Tests@73d162cc]" name="TestCase03" class="QKART_TESTNG.QKART_Tests"/>
        <method signature="QKART_Tests.TestCase05(java.lang.String,java.lang.String,java.lang.String)[pri:5, instance:QKART_TESTNG.QKART_Tests@73d162cc]" name="TestCase05" class="QKART_TESTNG.QKART_Tests"/>
        <method signature="QKART_Tests.TestCase07(java.lang.String,int)[pri:7, instance:QKART_TESTNG.QKART_Tests@73d162cc]" name="TestCase07" class="QKART_TESTNG.QKART_Tests"/>
        <method signature="QKART_Tests.TestCase11(java.lang.String,java.lang.String)[pri:11, instance:QKART_TESTNG.QKART_Tests@73d162cc]" name="TestCase11" class="QKART_TESTNG.QKART_Tests"/>
      </group> <!-- Sanity_test -->
    </groups>
    <test started-at="2024-02-29T11:19:44 IST" name="Test Execution using testNG" finished-at="2024-02-29T11:24:47 IST" duration-ms="302655">
      <class name="QKART_TESTNG.QKART_Tests">
        <test-method is-config="true" signature="createDriver()[pri:0, instance:QKART_TESTNG.QKART_Tests@73d162cc]" started-at="2024-02-29T11:19:40 IST" name="createDriver" finished-at="2024-02-29T11:19:44 IST" duration-ms="4672" status="PASS">
          <reporter-output>
          </reporter-output>
        </test-method> <!-- createDriver -->
        <test-method signature="TestCase01(java.lang.String,java.lang.String)[pri:1, instance:QKART_TESTNG.QKART_Tests@73d162cc]" started-at="2024-02-29T11:19:44 IST" name="TestCase01" description="Verify registration happens correctly" finished-at="2024-02-29T11:20:04 IST" duration-ms="19936" status="PASS">
          <params>
            <param index="0">
              <value>
                <![CDATA[testUser]]>
              </value>
            </param>
            <param index="1">
              <value>
                <![CDATA[abc@123]]>
              </value>
            </param>
          </params>
          <reporter-output>
          </reporter-output>
        </test-method> <!-- TestCase01 -->
        <test-method signature="TestCase02(java.lang.String,java.lang.String)[pri:2, instance:QKART_TESTNG.QKART_Tests@73d162cc]" started-at="2024-02-29T11:20:06 IST" name="TestCase02" description="Verify re-registering an already registered user fails" finished-at="2024-02-29T11:20:32 IST" duration-ms="26209" status="PASS">
          <params>
            <param index="0">
              <value>
                <![CDATA[testUser]]>
              </value>
            </param>
            <param index="1">
              <value>
                <![CDATA[abc@123]]>
              </value>
            </param>
          </params>
          <reporter-output>
          </reporter-output>
        </test-method> <!-- TestCase02 -->
        <test-method signature="TestCase03(java.lang.String)[pri:3, instance:QKART_TESTNG.QKART_Tests@73d162cc]" started-at="2024-02-29T11:20:32 IST" name="TestCase03" description="Verify the functionality of search text box" finished-at="2024-02-29T11:21:08 IST" duration-ms="35657" status="PASS">
          <params>
            <param index="0">
              <value>
                <![CDATA[YONEX]]>
              </value>
            </param>
          </params>
          <reporter-output>
          </reporter-output>
        </test-method> <!-- TestCase03 -->
        <test-method signature="TestCase04(java.lang.String)[pri:4, instance:QKART_TESTNG.QKART_Tests@73d162cc]" started-at="2024-02-29T11:21:09 IST" name="TestCase04" description="Verify the existence of size chart for certain items and validate contents of size chart" finished-at="2024-02-29T11:21:29 IST" duration-ms="20523" status="PASS">
          <params>
            <param index="0">
              <value>
                <![CDATA[YONEX]]>
              </value>
            </param>
          </params>
          <reporter-output>
          </reporter-output>
        </test-method> <!-- TestCase04 -->
        <test-method signature="TestCase05(java.lang.String,java.lang.String,java.lang.String)[pri:5, instance:QKART_TESTNG.QKART_Tests@73d162cc]" started-at="2024-02-29T11:21:30 IST" name="TestCase05" description="Verify that a new user can add multiple products in to the cart and Checkout" finished-at="2024-02-29T11:22:01 IST" duration-ms="30861" status="PASS">
          <params>
            <param index="0">
              <value>
                <![CDATA[YONEX]]>
              </value>
            </param>
            <param index="1">
              <value>
                <![CDATA[Tan]]>
              </value>
            </param>
            <param index="2">
              <value>
                <![CDATA[Addr line 1 addr Line 2 addr line 3]]>
              </value>
            </param>
          </params>
          <reporter-output>
          </reporter-output>
        </test-method> <!-- TestCase05 -->
        <test-method signature="TestCase06(java.lang.String,java.lang.String)[pri:6, instance:QKART_TESTNG.QKART_Tests@73d162cc]" started-at="2024-02-29T11:22:02 IST" name="TestCase06" description="Verify that the contents of the cart can be edited" finished-at="2024-02-29T11:22:49 IST" duration-ms="47899" status="PASS">
          <params>
            <param index="0">
              <value>
                <![CDATA[Xtend]]>
              </value>
            </param>
            <param index="1">
              <value>
                <![CDATA[Yarine]]>
              </value>
            </param>
          </params>
          <reporter-output>
          </reporter-output>
        </test-method> <!-- TestCase06 -->
        <test-method signature="TestCase07(java.lang.String,int)[pri:7, instance:QKART_TESTNG.QKART_Tests@73d162cc]" started-at="2024-02-29T11:22:50 IST" name="TestCase07" description="Verify that insufficient balance error is thrown when the wallet balance is not enough" finished-at="2024-02-29T11:23:38 IST" duration-ms="47303" status="PASS">
          <params>
            <param index="0">
              <value>
                <![CDATA[Stylecon]]>
              </value>
            </param>
            <param index="1">
              <value>
                <![CDATA[10]]>
              </value>
            </param>
          </params>
          <reporter-output>
          </reporter-output>
        </test-method> <!-- TestCase07 -->
        <test-method signature="TestCase08()[pri:8, instance:QKART_TESTNG.QKART_Tests@73d162cc]" started-at="2024-02-29T11:23:38 IST" name="TestCase08" description="Verify that a product added to a cart is available when a new tab is added" finished-at="2024-02-29T11:23:58 IST" duration-ms="20285" status="PASS">
          <reporter-output>
          </reporter-output>
        </test-method> <!-- TestCase08 -->
        <test-method signature="TestCase09()[pri:9, instance:QKART_TESTNG.QKART_Tests@73d162cc]" started-at="2024-02-29T11:23:59 IST" name="TestCase09" description="Verify that privacy policy and about us links are working fine" finished-at="2024-02-29T11:24:13 IST" duration-ms="14189" status="PASS">
          <reporter-output>
          </reporter-output>
        </test-method> <!-- TestCase09 -->
        <test-method signature="TestCase10(java.lang.String,java.lang.String,java.lang.String)[pri:10, instance:QKART_TESTNG.QKART_Tests@73d162cc]" started-at="2024-02-29T11:24:13 IST" name="TestCase10" description="Verify that the contact us dialog works fine" finished-at="2024-02-29T11:24:15 IST" duration-ms="2017" status="PASS">
          <params>
            <param index="0">
              <value>
                <![CDATA[testUser]]>
              </value>
            </param>
            <param index="1">
              <value>
                <![CDATA[criouser@gmail.com]]>
              </value>
            </param>
            <param index="2">
              <value>
                <![CDATA[Testing the contact us page]]>
              </value>
            </param>
          </params>
          <reporter-output>
          </reporter-output>
        </test-method> <!-- TestCase10 -->
        <test-method signature="TestCase11(java.lang.String,java.lang.String)[pri:11, instance:QKART_TESTNG.QKART_Tests@73d162cc]" started-at="2024-02-29T11:24:15 IST" name="TestCase11" description="Ensure that the Advertisement Links on the QKART page are clickable" finished-at="2024-02-29T11:24:47 IST" duration-ms="31304" status="PASS">
          <params>
            <param index="0">
              <value>
                <![CDATA[YONEX Smash Badminton Racquet]]>
              </value>
            </param>
            <param index="1">
              <value>
                <![CDATA[Addr line 1  addr Line 2  addr line 3]]>
              </value>
            </param>
          </params>
          <reporter-output>
          </reporter-output>
        </test-method> <!-- TestCase11 -->
      </class> <!-- QKART_TESTNG.QKART_Tests -->
    </test> <!-- Test Execution using testNG -->
  </suite> <!-- Tests for QKART Regression -->
</testng-results>
